2025-04-10 15:19:38.237577 - Received SBGOLOB.CBT509.FILE185 from FILE185.XMI 
2025-04-10 15:19:38.239459 - Found $$$#DATE.txt (text/plain) in SBGOLOB.CBT509.FILE185, moved to PDS/$$$#DATE
2025-04-10 15:19:38.239605 - Found $$CAUTON.txt (text/plain) in SBGOLOB.CBT509.FILE185, moved to PDS/$$CAUTON
2025-04-10 15:19:38.239932 - Found $$NOTE1.txt (text/plain) in SBGOLOB.CBT509.FILE185, moved to PDS/$$NOTE1
2025-04-10 15:19:38.240084 - Found $$NOTE2.txt (text/plain) in SBGOLOB.CBT509.FILE185, moved to PDS/$$NOTE2
2025-04-10 15:19:38.240483 - Found $EXPLAIN.txt (text/plain) in SBGOLOB.CBT509.FILE185, moved to PDS/$EXPLAIN
2025-04-10 15:19:38.240613 - Found $EXPLAI2.txt (text/plain) in SBGOLOB.CBT509.FILE185, moved to PDS/$EXPLAI2
2025-04-10 15:19:38.241102 - Found @ARTICLE.txt (text/plain) in SBGOLOB.CBT509.FILE185, moved to PDS/@ARTICLE
2025-04-10 15:19:38.241494 - Found @ARTICL2.txt (text/plain) in SBGOLOB.CBT509.FILE185, moved to PDS/@ARTICL2
2025-04-10 15:19:38.241649 - Found @FILE185.txt (text/plain) in SBGOLOB.CBT509.FILE185, moved to PDS/@FILE185
2025-04-10 15:19:38.242081 - Found ADIS.txt (text/plain) in SBGOLOB.CBT509.FILE185, moved to PDS/ADIS
2025-04-10 15:19:38.242170 - Found ADIS$.jcl (text/plain) in SBGOLOB.CBT509.FILE185, moved to PDS/ADIS$
2025-04-10 15:19:38.242283 - Found ASMKKTBL.jcl (text/plain) in SBGOLOB.CBT509.FILE185, moved to PDS/ASMKKTBL
2025-04-10 15:19:38.242465 - Found ASMTABLS.jcl (text/plain) in SBGOLOB.CBT509.FILE185, moved to PDS/ASMTABLS
2025-04-10 15:19:38.242836 - Found ASUB.txt (text/plain) in SBGOLOB.CBT509.FILE185, moved to PDS/ASUB
2025-04-10 15:19:38.242940 - Found ASUB$.jcl (text/plain) in SBGOLOB.CBT509.FILE185, moved to PDS/ASUB$
2025-04-10 15:19:38.243019 - Found ASUBHELP.txt (text/plain) in SBGOLOB.CBT509.FILE185, moved to PDS/ASUBHELP
2025-04-10 15:19:38.244434 - Found FILE234I.xmi (application/xmit) in SBGOLOB.CBT509.FILE185, moved to PDS/FILE234I.xmi
2025-04-10 15:19:38.582387 - Received IBMUSER.FILE234.PDS from FILE234I.xmi 
2025-04-10 15:19:38.584578 - Found $$$#DATE.txt (text/plain) in IBMUSER.FILE234.PDS, moved to FILE234I/$$$#DATE
2025-04-10 15:19:38.584990 - Found $ASM.jcl (text/plain) in IBMUSER.FILE234.PDS, moved to FILE234I/$ASM
2025-04-10 15:19:38.585127 - Found $LINK.jcl (text/plain) in IBMUSER.FILE234.PDS, moved to FILE234I/$LINK
2025-04-10 15:19:38.585366 - Found $MACLIB.bin (application/octet-stream) in IBMUSER.FILE234.PDS, moved to FILE234I/$MACLIB
2025-04-10 15:19:38.585488 - Found $README.txt (text/plain) in IBMUSER.FILE234.PDS, moved to FILE234I/$README
2025-04-10 15:19:38.585594 - Found @@NOTE1.eml (message/rfc822) in IBMUSER.FILE234.PDS, moved to FILE234I/@@NOTE1
2025-04-10 15:19:38.585697 - Found @FILE234.txt (text/plain) in IBMUSER.FILE234.PDS, moved to FILE234I/@FILE234
2025-04-10 15:19:38.585766 - Found ASMLKED1.jcl (text/plain) in IBMUSER.FILE234.PDS, moved to FILE234I/ASMLKED1
2025-04-10 15:19:38.585940 - Found ASMLKED2.jcl (text/plain) in IBMUSER.FILE234.PDS, moved to FILE234I/ASMLKED2
2025-04-10 15:19:38.586089 - Found ASMLKED3.jcl (text/plain) in IBMUSER.FILE234.PDS, moved to FILE234I/ASMLKED3
2025-04-10 15:19:38.586442 - Found ASMLKED4.jcl (text/plain) in IBMUSER.FILE234.PDS, moved to FILE234I/ASMLKED4
2025-04-10 15:19:38.586511 - Found ASMLKED5.jcl (text/plain) in IBMUSER.FILE234.PDS, moved to FILE234I/ASMLKED5
2025-04-10 15:19:38.586581 - Found ASMLKED7.jcl (text/plain) in IBMUSER.FILE234.PDS, moved to FILE234I/ASMLKED7
2025-04-10 15:19:38.586640 - Found DCMCLEAR.txt (text/plain) in IBMUSER.FILE234.PDS, moved to FILE234I/DCMCLEAR
2025-04-10 15:19:38.586701 - Found DCMCMBG.txt (text/plain) in IBMUSER.FILE234.PDS, moved to FILE234I/DCMCMBG
2025-04-10 15:19:38.586761 - Found DCMCONVD.txt (text/plain) in IBMUSER.FILE234.PDS, moved to FILE234I/DCMCONVD
2025-04-10 15:19:38.586831 - Found DCMDSPLY.txt (text/plain) in IBMUSER.FILE234.PDS, moved to FILE234I/DCMDSPLY
2025-04-10 15:19:38.587124 - Found DCMINIT.txt (text/plain) in IBMUSER.FILE234.PDS, moved to FILE234I/DCMINIT
2025-04-10 15:19:38.587299 - Found DCMINPUT.txt (text/plain) in IBMUSER.FILE234.PDS, moved to FILE234I/DCMINPUT
2025-04-10 15:19:38.587358 - Found DCMIOERR.txt (text/plain) in IBMUSER.FILE234.PDS, moved to FILE234I/DCMIOERR
2025-04-10 15:19:38.587606 - Found DCMMAIN.txt (text/plain) in IBMUSER.FILE234.PDS, moved to FILE234I/DCMMAIN
2025-04-10 15:19:38.587667 - Found DCMSCRN.txt (text/plain) in IBMUSER.FILE234.PDS, moved to FILE234I/DCMSCRN
2025-04-10 15:19:38.587775 - Found DCMSTATS.txt (text/plain) in IBMUSER.FILE234.PDS, moved to FILE234I/DCMSTATS
2025-04-10 15:19:38.587860 - Found DISTEST.txt (text/plain) in IBMUSER.FILE234.PDS, moved to FILE234I/DISTEST
2025-04-10 15:19:38.587916 - Found EXECJCL6.jcl (text/plain) in IBMUSER.FILE234.PDS, moved to FILE234I/EXECJCL6
2025-04-10 15:19:38.587974 - Found EXECJCL8.jcl (text/plain) in IBMUSER.FILE234.PDS, moved to FILE234I/EXECJCL8
2025-04-10 15:19:38.588233 - Found MACLIB.txt (text/plain) in IBMUSER.FILE234.PDS, moved to FILE234I/MACLIB
2025-04-10 15:19:38.588362 - Found READLMOD.txt (text/plain) in IBMUSER.FILE234.PDS, moved to FILE234I/READLMOD
2025-04-10 15:19:38.588423 - Found README.txt (text/plain) in IBMUSER.FILE234.PDS, moved to FILE234I/README
2025-04-10 15:19:38.588816 - Found REBUILD.txt (text/plain) in IBMUSER.FILE234.PDS, moved to FILE234I/REBUILD
2025-04-10 15:19:38.588876 - Found REPLAYP.txt (text/plain) in IBMUSER.FILE234.PDS, moved to FILE234I/REPLAYP
2025-04-10 15:19:38.588939 - Found RESCHECK.txt (text/plain) in IBMUSER.FILE234.PDS, moved to FILE234I/RESCHECK
2025-04-10 15:19:38.589460 - Found RESOURCE.txt (text/plain) in IBMUSER.FILE234.PDS, moved to FILE234I/RESOURCE
2025-04-10 15:19:38.589527 - Found REXX.rexx (text/plain) in IBMUSER.FILE234.PDS, moved to FILE234I/REXX
2025-04-10 15:19:38.591684 - Found LOADLIB.xmi (application/xmit) in SBGOLOB.CBT509.FILE185, moved to PDS/LOADLIB.xmi
2025-04-10 15:19:38.759615 - Received IBMUSER.LOAD from LOADLIB.xmi 
2025-04-10 15:19:38.762760 - Found $$$VER.bin (application/octet-stream) in IBMUSER.LOAD, moved to LOADLIB/$$$VER
2025-04-10 15:19:38.762844 - Found alias # to AUCMD in IBMUSER.LOAD, moved to PDS/#
2025-04-10 15:19:38.762965 - Found ADIS.bin (application/octet-stream) in IBMUSER.LOAD, moved to LOADLIB/ADIS
2025-04-10 15:19:38.763060 - Found ALLIDS.bin (application/octet-stream) in IBMUSER.LOAD, moved to LOADLIB/ALLIDS
2025-04-10 15:19:38.763169 - Found ALPL.bin (application/octet-stream) in IBMUSER.LOAD, moved to LOADLIB/ALPL
2025-04-10 15:19:38.763272 - Found ASUB.bin (application/octet-stream) in IBMUSER.LOAD, moved to LOADLIB/ASUB
2025-04-10 15:19:38.763513 - Found AUCMD.bin (application/octet-stream) in IBMUSER.LOAD, moved to LOADLIB/AUCMD
2025-04-10 15:19:38.763720 - Found AUPGM.bin (application/octet-stream) in IBMUSER.LOAD, moved to LOADLIB/AUPGM
2025-04-10 15:19:38.763854 - Found BUFRSIZE.bin (application/octet-stream) in IBMUSER.LOAD, moved to LOADLIB/BUFRSIZE
2025-04-10 15:19:38.763924 - Found BYE.bin (application/octet-stream) in IBMUSER.LOAD, moved to LOADLIB/BYE
2025-04-10 15:19:38.763994 - Found CHNLEN.bin (application/octet-stream) in IBMUSER.LOAD, moved to LOADLIB/CHNLEN
2025-04-10 15:19:38.764058 - Found CINMX.bin (application/octet-stream) in IBMUSER.LOAD, moved to LOADLIB/CINMX
2025-04-10 15:19:38.764248 - Found CNCLPG.bin (application/octet-stream) in IBMUSER.LOAD, moved to LOADLIB/CNCLPG
2025-04-10 15:19:38.764430 - Found CNCLPGA.bin (application/octet-stream) in IBMUSER.LOAD, moved to LOADLIB/CNCLPGA
2025-04-10 15:19:38.764575 - Found CNCLPG10.bin (application/octet-stream) in IBMUSER.LOAD, moved to LOADLIB/CNCLPG10
2025-04-10 15:19:38.764714 - Found CNCLPG11.bin (application/octet-stream) in IBMUSER.LOAD, moved to LOADLIB/CNCLPG11
2025-04-10 15:19:38.764823 - Found CNCLPG20.bin (application/octet-stream) in IBMUSER.LOAD, moved to LOADLIB/CNCLPG20
2025-04-10 15:19:38.764885 - Found CSCF.bin (application/octet-stream) in IBMUSER.LOAD, moved to LOADLIB/CSCF
2025-04-10 15:19:38.764949 - Found DACEE.bin (application/octet-stream) in IBMUSER.LOAD, moved to LOADLIB/DACEE
2025-04-10 15:19:38.765008 - Found DAPF.bin (application/octet-stream) in IBMUSER.LOAD, moved to LOADLIB/DAPF
2025-04-10 15:19:38.765156 - Found DLINK.bin (application/octet-stream) in IBMUSER.LOAD, moved to LOADLIB/DLINK
2025-04-10 15:19:38.765216 - Found alias DSAUT to RACROUT in IBMUSER.LOAD, moved to PDS/DSAUT
2025-04-10 15:19:38.765368 - Found DTEST.bin (application/octet-stream) in IBMUSER.LOAD, moved to LOADLIB/DTEST
2025-04-10 15:19:38.765488 - Found DUMPACEE.bin (application/octet-stream) in IBMUSER.LOAD, moved to LOADLIB/DUMPACEE
2025-04-10 15:19:38.765547 - Found DUMPASCB.bin (application/octet-stream) in IBMUSER.LOAD, moved to LOADLIB/DUMPASCB
2025-04-10 15:19:38.765729 - Found DUMPASSB.bin (application/octet-stream) in IBMUSER.LOAD, moved to LOADLIB/DUMPASSB
2025-04-10 15:19:38.765788 - Found DUMPASVT.bin (application/octet-stream) in IBMUSER.LOAD, moved to LOADLIB/DUMPASVT
2025-04-10 15:19:38.765846 - Found DUMPCSA.bin (application/octet-stream) in IBMUSER.LOAD, moved to LOADLIB/DUMPCSA
2025-04-10 15:19:38.765901 - Found DUMPCSCB.bin (application/octet-stream) in IBMUSER.LOAD, moved to LOADLIB/DUMPCSCB
2025-04-10 15:19:38.765963 - Found DUMPCVT.bin (application/octet-stream) in IBMUSER.LOAD, moved to LOADLIB/DUMPCVT
2025-04-10 15:19:38.766021 - Found DUMPINMX.bin (application/octet-stream) in IBMUSER.LOAD, moved to LOADLIB/DUMPINMX
2025-04-10 15:19:38.766078 - Found DUMPIOVT.bin (application/octet-stream) in IBMUSER.LOAD, moved to LOADLIB/DUMPIOVT
2025-04-10 15:19:38.766136 - Found DUMPJCT.bin (application/octet-stream) in IBMUSER.LOAD, moved to LOADLIB/DUMPJCT
2025-04-10 15:19:38.766194 - Found DUMPLCT.bin (application/octet-stream) in IBMUSER.LOAD, moved to LOADLIB/DUMPLCT
2025-04-10 15:19:38.766251 - Found DUMPLWA.bin (application/octet-stream) in IBMUSER.LOAD, moved to LOADLIB/DUMPLWA
2025-04-10 15:19:38.766309 - Found DUMPPCCB.bin (application/octet-stream) in IBMUSER.LOAD, moved to LOADLIB/DUMPPCCB
2025-04-10 15:19:38.766414 - Found DUMPPPT.bin (application/octet-stream) in IBMUSER.LOAD, moved to LOADLIB/DUMPPPT
2025-04-10 15:19:38.766599 - Found DUMPPRB.bin (application/octet-stream) in IBMUSER.LOAD, moved to LOADLIB/DUMPPRB
2025-04-10 15:19:38.766794 - Found DUMPPSCB.bin (application/octet-stream) in IBMUSER.LOAD, moved to LOADLIB/DUMPPSCB
2025-04-10 15:19:38.766855 - Found DUMPRCVT.bin (application/octet-stream) in IBMUSER.LOAD, moved to LOADLIB/DUMPRCVT
2025-04-10 15:19:38.766918 - Found DUMPSCT.bin (application/octet-stream) in IBMUSER.LOAD, moved to LOADLIB/DUMPSCT
2025-04-10 15:19:38.767106 - Found DUMPTCT.bin (application/octet-stream) in IBMUSER.LOAD, moved to LOADLIB/DUMPTCT
2025-04-10 15:19:38.767172 - Found DUMPTIOT.bin (application/octet-stream) in IBMUSER.LOAD, moved to LOADLIB/DUMPTIOT
2025-04-10 15:19:38.767232 - Found DUMPTSB.bin (application/octet-stream) in IBMUSER.LOAD, moved to LOADLIB/DUMPTSB
2025-04-10 15:19:38.767290 - Found DUMPTSVT.bin (application/octet-stream) in IBMUSER.LOAD, moved to LOADLIB/DUMPTSVT
2025-04-10 15:19:38.767427 - Found DUSER.bin (application/octet-stream) in IBMUSER.LOAD, moved to LOADLIB/DUSER
2025-04-10 15:19:38.767550 - Found DVAT.bin (application/octet-stream) in IBMUSER.LOAD, moved to LOADLIB/DVAT
2025-04-10 15:19:38.767610 - Found EESCB.bin (application/octet-stream) in IBMUSER.LOAD, moved to LOADLIB/EESCB
2025-04-10 15:19:38.767729 - Found ENGTRANS.bin (application/octet-stream) in IBMUSER.LOAD, moved to LOADLIB/ENGTRANS
2025-04-10 15:19:38.767784 - Found alias FINDCMD to LOCATE in IBMUSER.LOAD, moved to PDS/FINDCMD
2025-04-10 15:19:38.767826 - Found alias FINDPRG to LOCATE in IBMUSER.LOAD, moved to PDS/FINDPRG
2025-04-10 15:19:38.767886 - Found FPASS.bin (application/octet-stream) in IBMUSER.LOAD, moved to LOADLIB/FPASS
2025-04-10 15:19:38.767947 - Found FPASSA.bin (application/octet-stream) in IBMUSER.LOAD, moved to LOADLIB/FPASSA
2025-04-10 15:19:38.768005 - Found HIBFREXT.bin (application/octet-stream) in IBMUSER.LOAD, moved to LOADLIB/HIBFREXT
2025-04-10 15:19:38.768069 - Found IEBTSUB.bin (application/octet-stream) in IBMUSER.LOAD, moved to LOADLIB/IEBTSUB
2025-04-10 15:19:38.768114 - Found alias IKJEFTAP to IKJTABLS in IBMUSER.LOAD, moved to PDS/IKJEFTAP
2025-04-10 15:19:38.768154 - Found alias IKJEFTE2 to IKJTABLS in IBMUSER.LOAD, moved to PDS/IKJEFTE2
2025-04-10 15:19:38.768191 - Found alias IKJEFTE8 to IKJTABLS in IBMUSER.LOAD, moved to PDS/IKJEFTE8
2025-04-10 15:19:38.768228 - Found alias IKJEFTNS to IKJTABLS in IBMUSER.LOAD, moved to PDS/IKJEFTNS
2025-04-10 15:19:38.768350 - Found IKJTABLS.bin (application/octet-stream) in IBMUSER.LOAD, moved to LOADLIB/IKJTABLS
2025-04-10 15:19:38.768415 - Found IKJTSUB.bin (application/octet-stream) in IBMUSER.LOAD, moved to LOADLIB/IKJTSUB
2025-04-10 15:19:38.768475 - Found INMXD.bin (application/octet-stream) in IBMUSER.LOAD, moved to LOADLIB/INMXD
2025-04-10 15:19:38.768519 - Found alias KKJEFTAP to KKJTABLS in IBMUSER.LOAD, moved to PDS/KKJEFTAP
2025-04-10 15:19:38.768557 - Found alias KKJEFTE2 to KKJTABLS in IBMUSER.LOAD, moved to PDS/KKJEFTE2
2025-04-10 15:19:38.768595 - Found alias KKJEFTE8 to KKJTABLS in IBMUSER.LOAD, moved to PDS/KKJEFTE8
2025-04-10 15:19:38.768631 - Found alias KKJEFTNS to KKJTABLS in IBMUSER.LOAD, moved to PDS/KKJEFTNS
2025-04-10 15:19:38.768694 - Found KKJTABLS.bin (application/octet-stream) in IBMUSER.LOAD, moved to LOADLIB/KKJTABLS
2025-04-10 15:19:38.768755 - Found KMBAPFLB.bin (application/octet-stream) in IBMUSER.LOAD, moved to LOADLIB/KMBAPFLB
2025-04-10 15:19:38.768814 - Found LISTMOD.bin (application/octet-stream) in IBMUSER.LOAD, moved to LOADLIB/LISTMOD
2025-04-10 15:19:38.769068 - Found LLWA.bin (application/octet-stream) in IBMUSER.LOAD, moved to LOADLIB/LLWA
2025-04-10 15:19:38.769133 - Found LOADTEST.bin (application/octet-stream) in IBMUSER.LOAD, moved to LOADLIB/LOADTEST
2025-04-10 15:19:38.769179 - Found alias LOADTN to LOADTEST in IBMUSER.LOAD, moved to PDS/LOADTN
2025-04-10 15:19:38.769240 - Found LOBFREXT.bin (application/octet-stream) in IBMUSER.LOAD, moved to LOADLIB/LOBFREXT
2025-04-10 15:19:38.769301 - Found LOCATE.bin (application/octet-stream) in IBMUSER.LOAD, moved to LOADLIB/LOCATE
2025-04-10 15:19:38.769361 - Found LOGOPTS.bin (application/octet-stream) in IBMUSER.LOAD, moved to LOADLIB/LOGOPTS
2025-04-10 15:19:38.769420 - Found LOKSES.bin (application/octet-stream) in IBMUSER.LOAD, moved to LOADLIB/LOKSES
2025-04-10 15:19:38.769980 - Found LOOK.bin (application/octet-stream) in IBMUSER.LOAD, moved to LOADLIB/LOOK
2025-04-10 15:19:38.770041 - Found LPALST.bin (application/octet-stream) in IBMUSER.LOAD, moved to LOADLIB/LPALST
2025-04-10 15:19:38.770101 - Found LSLT.bin (application/octet-stream) in IBMUSER.LOAD, moved to LOADLIB/LSLT
2025-04-10 15:19:38.770160 - Found LWATEDIT.bin (application/octet-stream) in IBMUSER.LOAD, moved to LOADLIB/LWATEDIT
2025-04-10 15:19:38.770243 - Found LWATMGR.bin (application/octet-stream) in IBMUSER.LOAD, moved to LOADLIB/LWATMGR
2025-04-10 15:19:38.770299 - Found MEMZAP.bin (application/octet-stream) in IBMUSER.LOAD, moved to LOADLIB/MEMZAP
2025-04-10 15:19:38.770357 - Found NOLOGOF.bin (application/octet-stream) in IBMUSER.LOAD, moved to LOADLIB/NOLOGOF
2025-04-10 15:19:38.770415 - Found ONLCLEAR.bin (application/octet-stream) in IBMUSER.LOAD, moved to LOADLIB/ONLCLEAR
2025-04-10 15:19:38.770474 - Found ONLCLIP.bin (application/octet-stream) in IBMUSER.LOAD, moved to LOADLIB/ONLCLIP
2025-04-10 15:19:38.770537 - Found PDSLOAD.bin (application/octet-stream) in IBMUSER.LOAD, moved to LOADLIB/PDSLOAD
2025-04-10 15:19:38.770585 - Found alias PDSLOADW to PDSLOAD in IBMUSER.LOAD, moved to PDS/PDSLOADW
2025-04-10 15:19:38.770643 - Found PRFBIGA.bin (application/octet-stream) in IBMUSER.LOAD, moved to LOADLIB/PRFBIGA
2025-04-10 15:19:38.770702 - Found PRFSMLA.bin (application/octet-stream) in IBMUSER.LOAD, moved to LOADLIB/PRFSMLA
2025-04-10 15:19:38.770850 - Found RACROUT.bin (application/octet-stream) in IBMUSER.LOAD, moved to LOADLIB/RACROUT
2025-04-10 15:19:38.771014 - Found RDHAPSVC.bin (application/octet-stream) in IBMUSER.LOAD, moved to LOADLIB/RDHAPSVC
2025-04-10 15:19:38.771074 - Found RDHINSTL.bin (application/octet-stream) in IBMUSER.LOAD, moved to LOADLIB/RDHINSTL
2025-04-10 15:19:38.771146 - Found RECONLIM.bin (application/octet-stream) in IBMUSER.LOAD, moved to LOADLIB/RECONLIM
2025-04-10 15:19:38.771326 - Found RELOGON.bin (application/octet-stream) in IBMUSER.LOAD, moved to LOADLIB/RELOGON
2025-04-10 15:19:38.771387 - Found RLOAD.bin (application/octet-stream) in IBMUSER.LOAD, moved to LOADLIB/RLOAD
2025-04-10 15:19:38.771442 - Found RLOADA.bin (application/octet-stream) in IBMUSER.LOAD, moved to LOADLIB/RLOADA
2025-04-10 15:19:38.771499 - Found SCRSIZE.bin (application/octet-stream) in IBMUSER.LOAD, moved to LOADLIB/SCRSIZE
2025-04-10 15:19:38.771557 - Found SETPW2.bin (application/octet-stream) in IBMUSER.LOAD, moved to LOADLIB/SETPW2
2025-04-10 15:19:38.771614 - Found SHOWRLGB.bin (application/octet-stream) in IBMUSER.LOAD, moved to LOADLIB/SHOWRLGB
2025-04-10 15:19:38.771672 - Found SHOWSS.bin (application/octet-stream) in IBMUSER.LOAD, moved to LOADLIB/SHOWSS
2025-04-10 15:19:38.771827 - Found SHOWTCAS.bin (application/octet-stream) in IBMUSER.LOAD, moved to LOADLIB/SHOWTCAS
2025-04-10 15:19:38.771967 - Found SHOWTPVT.bin (application/octet-stream) in IBMUSER.LOAD, moved to LOADLIB/SHOWTPVT
2025-04-10 15:19:38.772120 - Found SHOWTSB.bin (application/octet-stream) in IBMUSER.LOAD, moved to LOADLIB/SHOWTSB
2025-04-10 15:19:38.772313 - Found STEPLIB.bin (application/octet-stream) in IBMUSER.LOAD, moved to LOADLIB/STEPLIB
2025-04-10 15:19:38.772369 - Found TERMSIZE.bin (application/octet-stream) in IBMUSER.LOAD, moved to LOADLIB/TERMSIZE
2025-04-10 15:19:38.772523 - Found TOKGRUP.bin (application/octet-stream) in IBMUSER.LOAD, moved to LOADLIB/TOKGRUP
2025-04-10 15:19:38.772707 - Found TOKUSER.bin (application/octet-stream) in IBMUSER.LOAD, moved to LOADLIB/TOKUSER
2025-04-10 15:19:38.772843 - Found TRMSZRPT.bin (application/octet-stream) in IBMUSER.LOAD, moved to LOADLIB/TRMSZRPT
2025-04-10 15:19:38.772901 - Found TSOFIND.bin (application/octet-stream) in IBMUSER.LOAD, moved to LOADLIB/TSOFIND
2025-04-10 15:19:38.773069 - Found TSUB.bin (application/octet-stream) in IBMUSER.LOAD, moved to LOADLIB/TSUB
2025-04-10 15:19:38.773146 - Found TSUINFO.bin (application/octet-stream) in IBMUSER.LOAD, moved to LOADLIB/TSUINFO
2025-04-10 15:19:38.773211 - Found TSVTTMO.bin (application/octet-stream) in IBMUSER.LOAD, moved to LOADLIB/TSVTTMO
2025-04-10 15:19:38.773270 - Found TSVT8.bin (application/octet-stream) in IBMUSER.LOAD, moved to LOADLIB/TSVT8
2025-04-10 15:19:38.773327 - Found UACEE.bin (application/octet-stream) in IBMUSER.LOAD, moved to LOADLIB/UACEE
2025-04-10 15:19:38.773384 - Found UADLIST.bin (application/octet-stream) in IBMUSER.LOAD, moved to LOADLIB/UADLIST
2025-04-10 15:19:38.773445 - Found UCB.bin (application/octet-stream) in IBMUSER.LOAD, moved to LOADLIB/UCB
2025-04-10 15:19:38.773505 - Found UCBDASD.bin (application/octet-stream) in IBMUSER.LOAD, moved to LOADLIB/UCBDASD
2025-04-10 15:19:38.773561 - Found UCBPRIV.bin (application/octet-stream) in IBMUSER.LOAD, moved to LOADLIB/UCBPRIV
2025-04-10 15:19:38.773617 - Found UCBPUBL.bin (application/octet-stream) in IBMUSER.LOAD, moved to LOADLIB/UCBPUBL
2025-04-10 15:19:38.773674 - Found UCBSTOR.bin (application/octet-stream) in IBMUSER.LOAD, moved to LOADLIB/UCBSTOR
2025-04-10 15:19:38.773731 - Found UCBTAPE.bin (application/octet-stream) in IBMUSER.LOAD, moved to LOADLIB/UCBTAPE
2025-04-10 15:19:38.773789 - Found UCBTYPE.bin (application/octet-stream) in IBMUSER.LOAD, moved to LOADLIB/UCBTYPE
2025-04-10 15:19:38.773844 - Found UGRP.bin (application/octet-stream) in IBMUSER.LOAD, moved to LOADLIB/UGRP
2025-04-10 15:19:38.773901 - Found UKEYCSA.bin (application/octet-stream) in IBMUSER.LOAD, moved to LOADLIB/UKEYCSA
2025-04-10 15:19:38.773956 - Found ULWA.bin (application/octet-stream) in IBMUSER.LOAD, moved to LOADLIB/ULWA
2025-04-10 15:19:38.774171 - Found UNAME.bin (application/octet-stream) in IBMUSER.LOAD, moved to LOADLIB/UNAME
2025-04-10 15:19:38.774226 - Found UPRC.bin (application/octet-stream) in IBMUSER.LOAD, moved to LOADLIB/UPRC
2025-04-10 15:19:38.774283 - Found USAT.bin (application/octet-stream) in IBMUSER.LOAD, moved to LOADLIB/USAT
2025-04-10 15:19:38.774343 - Found USERMAX.bin (application/octet-stream) in IBMUSER.LOAD, moved to LOADLIB/USERMAX
2025-04-10 15:19:38.774402 - Found USIT.bin (application/octet-stream) in IBMUSER.LOAD, moved to LOADLIB/USIT
2025-04-10 15:19:38.774458 - Found USOT.bin (application/octet-stream) in IBMUSER.LOAD, moved to LOADLIB/USOT
2025-04-10 15:19:38.774555 - Found USPT.bin (application/octet-stream) in IBMUSER.LOAD, moved to LOADLIB/USPT
2025-04-10 15:19:38.774690 - Found USTT.bin (application/octet-stream) in IBMUSER.LOAD, moved to LOADLIB/USTT
2025-04-10 15:19:38.774810 - Found USUR.bin (application/octet-stream) in IBMUSER.LOAD, moved to LOADLIB/USUR
2025-04-10 15:19:38.774865 - Found USUT.bin (application/octet-stream) in IBMUSER.LOAD, moved to LOADLIB/USUT
2025-04-10 15:19:38.774922 - Found USVT.bin (application/octet-stream) in IBMUSER.LOAD, moved to LOADLIB/USVT
2025-04-10 15:19:38.774979 - Found USWT.bin (application/octet-stream) in IBMUSER.LOAD, moved to LOADLIB/USWT
2025-04-10 15:19:38.775035 - Found USXT.bin (application/octet-stream) in IBMUSER.LOAD, moved to LOADLIB/USXT
2025-04-10 15:19:38.775097 - Found USYT.bin (application/octet-stream) in IBMUSER.LOAD, moved to LOADLIB/USYT
2025-04-10 15:19:38.775158 - Found USZT.bin (application/octet-stream) in IBMUSER.LOAD, moved to LOADLIB/USZT
2025-04-10 15:19:38.775214 - Found UTKGP.bin (application/octet-stream) in IBMUSER.LOAD, moved to LOADLIB/UTKGP
2025-04-10 15:19:38.775271 - Found UTKID.bin (application/octet-stream) in IBMUSER.LOAD, moved to LOADLIB/UTKID
2025-04-10 15:19:38.775432 - Found UTSB.bin (application/octet-stream) in IBMUSER.LOAD, moved to LOADLIB/UTSB
2025-04-10 15:19:38.775488 - Found WAITT.bin (application/octet-stream) in IBMUSER.LOAD, moved to LOADLIB/WAITT
2025-04-10 15:19:38.775546 - Found XOR.bin (application/octet-stream) in IBMUSER.LOAD, moved to LOADLIB/XOR
2025-04-10 15:19:38.775604 - Found ZAPLWA.bin (application/octet-stream) in IBMUSER.LOAD, moved to LOADLIB/ZAPLWA
2025-04-10 15:19:38.779401 - Found LWAEDIT1.txt (text/plain) in SBGOLOB.CBT509.FILE185, moved to PDS/LWAEDIT1
2025-04-10 15:19:38.779487 - Found LWATEDI@.txt (text/plain) in SBGOLOB.CBT509.FILE185, moved to PDS/LWATEDI@
2025-04-10 15:19:38.779576 - Found RDHSVCA8.jcl (text/plain) in SBGOLOB.CBT509.FILE185, moved to PDS/RDHSVCA8
2025-04-10 15:19:38.779639 - Found REASMLNK.txt (text/plain) in SBGOLOB.CBT509.FILE185, moved to PDS/REASMLNK
2025-04-10 15:19:38.779702 - Found REGEQU.txt (text/plain) in SBGOLOB.CBT509.FILE185, moved to PDS/REGEQU
2025-04-10 15:19:38.779765 - Found REGS.txt (text/plain) in SBGOLOB.CBT509.FILE185, moved to PDS/REGS
2025-04-10 15:19:38.779896 - Found SHOWTPV$.jcl (text/plain) in SBGOLOB.CBT509.FILE185, moved to PDS/SHOWTPV$
2025-04-10 15:19:38.780009 - Found SHOWTPVT.txt (text/plain) in SBGOLOB.CBT509.FILE185, moved to PDS/SHOWTPVT
2025-04-10 15:19:38.780556 - Found TSUB.txt (text/plain) in SBGOLOB.CBT509.FILE185, moved to PDS/TSUB
2025-04-10 15:19:38.780706 - Found TSUB$.jcl (text/plain) in SBGOLOB.CBT509.FILE185, moved to PDS/TSUB$
2025-04-10 15:19:38.780902 - Found TSUB#01.txt (text/plain) in SBGOLOB.CBT509.FILE185, moved to PDS/TSUB#01
2025-04-10 15:19:38.780992 - Found TSUB#02.txt (text/plain) in SBGOLOB.CBT509.FILE185, moved to PDS/TSUB#02
2025-04-10 15:19:38.781186 - Found TSUB#03.txt (text/plain) in SBGOLOB.CBT509.FILE185, moved to PDS/TSUB#03
2025-04-10 15:19:38.781266 - Found TSUB#04.txt (text/plain) in SBGOLOB.CBT509.FILE185, moved to PDS/TSUB#04
2025-04-10 15:19:38.781333 - Found TSUB#05.txt (text/plain) in SBGOLOB.CBT509.FILE185, moved to PDS/TSUB#05
2025-04-10 15:19:38.781499 - Found TSUB#06.txt (text/plain) in SBGOLOB.CBT509.FILE185, moved to PDS/TSUB#06
2025-04-10 15:19:38.781672 - Found TSUB#07.txt (text/plain) in SBGOLOB.CBT509.FILE185, moved to PDS/TSUB#07
2025-04-10 15:19:38.781730 - Found TSUB#08.txt (text/plain) in SBGOLOB.CBT509.FILE185, moved to PDS/TSUB#08
2025-04-10 15:19:38.781788 - Found TSUB#09.txt (text/plain) in SBGOLOB.CBT509.FILE185, moved to PDS/TSUB#09
2025-04-10 15:19:38.781843 - Found TSUB#10.txt (text/plain) in SBGOLOB.CBT509.FILE185, moved to PDS/TSUB#10
2025-04-10 15:19:38.781919 - Found TSUB#11.txt (text/plain) in SBGOLOB.CBT509.FILE185, moved to PDS/TSUB#11
2025-04-10 15:19:38.782186 - Found TSUBHELP.txt (text/plain) in SBGOLOB.CBT509.FILE185, moved to PDS/TSUBHELP
2025-04-10 15:19:38.782246 - Found TSUBQUIK.txt (text/plain) in SBGOLOB.CBT509.FILE185, moved to PDS/TSUBQUIK
2025-04-10 15:19:38.782651 - Found TSUB36.txt (text/plain) in SBGOLOB.CBT509.FILE185, moved to PDS/TSUB36
